warning: unused import: `ScriptBuilder`
 --> src/scripts.rs:2:5
  |
2 |     ScriptBuilder,
  |     ^^^^^^^^^^^^^
  |
  = note: `#[warn(unused_imports)]` (part of `#[warn(unused)]`) on by default

warning: unused imports: `create_keystore`, `create_note_for_naming`, and `initiate_client`
  --> src/scripts.rs:14:14
   |
14 |     client::{create_keystore, initiate_client},
   |              ^^^^^^^^^^^^^^^  ^^^^^^^^^^^^^^^
15 |     notes::{create_library, create_note_for_naming, create_note_for_naming_with_client},
   |                             ^^^^^^^^^^^^^^^^^^^^^^

warning: unused doc comment
   --> src/scripts.rs:153:5
    |
153 |     /// TODO BURADA PRICES MAPINI KONTROL ET OLMUS MU DIYE
    |     ^^^^^^^^^^^^^^^^^^^^^^^^^^^^^^^^^^^^^^^^^^^^^^^^^^^^^^
154 |     let new_account_state = client.get_account(naming_account.id()).await.unwrap();
    |     ------------------------------------------------------------------------------- rustdoc does not generate documentation for statements
    |
    = help: use `//` for a plain comment
    = note: `#[warn(unused_doc_comments)]` (part of `#[warn(unused)]`) on by default

warning: unused variable: `keystore`
  --> src/scripts.rs:23:5
   |
23 |     keystore: &mut Arc<FilesystemKeyStore<StdRng>>,
   |     ^^^^^^^^ help: if this is intentional, prefix it with an underscore: `_keystore`
   |
   = note: `#[warn(unused_variables)]` (part of `#[warn(unused)]`) on by default

warning: `midenname-contracts` (lib) generated 4 warnings (run `cargo fix --lib -p midenname-contracts` to apply 2 suggestions)
   Compiling midenname-contracts v0.1.0 (/home/boreas/digine-midenid-contracts/midenid-contracts)
warning: unused import: `deploy`
  --> bin/local_deploy_and_register.rs:27:36
   |
27 | use midenname_contracts::scripts::{deploy, deploy_as_network_account};
   |                                    ^^^^^^
   |
   = note: `#[warn(unused_imports)]` (part of `#[warn(unused)]`) on by default

warning: `midenname-contracts` (bin "local_deploy_and_register") generated 1 warning (run `cargo fix --bin "local_deploy_and_register"` to apply 1 suggestion)
    Finished `dev` profile [unoptimized + debuginfo] target(s) in 4.56s
     Running `target/debug/local_deploy_and_register`
Starting Miden Name Registry deployment...
=================================================
Deleting existing store & keystore (store.sqlite3)
Deletion complete.
=================================================
Latest block: 636255
Deployer account ID: "0x65139f512388851032cce9b4bd36e4"
one or more warnings were emitted
Naming account ID: "0xd4963a2850149a40170be826c21c27"
one or more warnings were emitted
View transaction on MidenScan: https://testnet.midenscan.com/tx/0x46f36e6f201858aa08737ff9da264f9d3b1757fcf7cfdd5b06ce9655f215730f
Transaction 0x46f36e6f201858aa08737ff9da264f9d3b1757fcf7cfdd5b06ce9655f215730f not yet committed. Waiting...
Transaction 0x46f36e6f201858aa08737ff9da264f9d3b1757fcf7cfdd5b06ce9655f215730f not yet committed. Waiting...
✅ transaction 0x46f36e6f201858aa08737ff9da264f9d3b1757fcf7cfdd5b06ce9655f215730f committed
one or more warnings were emitted
View transaction on MidenScan: https://testnet.midenscan.com/tx/0x0404ce46da3b561f25595942c8d9a8b40e59f4e0afe4e7352a6cf4f4a399d846
network init note creation tx submitted, waiting for onchain commitment
Transaction 0x0404ce46da3b561f25595942c8d9a8b40e59f4e0afe4e7352a6cf4f4a399d846 not yet committed. Waiting...
Transaction 0x0404ce46da3b561f25595942c8d9a8b40e59f4e0afe4e7352a6cf4f4a399d846 not yet committed. Waiting...
Transaction 0x0404ce46da3b561f25595942c8d9a8b40e59f4e0afe4e7352a6cf4f4a399d846 not yet committed. Waiting...
✅ transaction 0x0404ce46da3b561f25595942c8d9a8b40e59f4e0afe4e7352a6cf4f4a399d846 committed
🔢 Final deployer prefix value: 0x0100000000000000000000000000000000000000000000000000000000000000
one or more warnings were emitted
View transaction on MidenScan: https://testnet.midenscan.com/tx/0x078a93e81bc73680b568bd95c015bb44b874f02dbb3dedb4458bf982a79a71f6
network set price note creation tx submitted, waiting for onchain commitment
Transaction 0x078a93e81bc73680b568bd95c015bb44b874f02dbb3dedb4458bf982a79a71f6 not yet committed. Waiting...
Transaction 0x078a93e81bc73680b568bd95c015bb44b874f02dbb3dedb4458bf982a79a71f6 not yet committed. Waiting...
✅ transaction 0x078a93e81bc73680b568bd95c015bb44b874f02dbb3dedb4458bf982a79a71f6 committed
🔢 one letter price value: 0xc00b5a1600000000000000000000000000000000000000000000000000000000
🔢 two letter price value: 0x00c2eb0b00000000000000000000000000000000000000000000000000000000
🔢 three letter price value: 0x000e270700000000000000000000000000000000000000000000000000000000
🔢 four letter price value: 0xc03b470300000000000000000000000000000000000000000000000000000000
🔢 five letter price value: 0x002d310100000000000000000000000000000000000000000000000000000000
Creating 5 accounts...
=================================================
Deployer account ID: "0xb9784b88a2e9d41064b2823626e982"
✅ Created account 1/5: "0xb9784b88a2e9d41064b2823626e982"
Deployer account ID: "0xdda228cd24d5a2106468425641dc34"
✅ Created account 2/5: "0xdda228cd24d5a2106468425641dc34"
Deployer account ID: "0x1c620b10a91905107145230235d1b6"
✅ Created account 3/5: "0x1c620b10a91905107145230235d1b6"
Deployer account ID: "0x8f5b21c5adcf7710261ae6dd91f2cd"
✅ Created account 4/5: "0x8f5b21c5adcf7710261ae6dd91f2cd"
Deployer account ID: "0x62dd88360d5c73102152dbe3d26077"
✅ Created account 5/5: "0x62dd88360d5c73102152dbe3d26077"
=================================================
🎉 Successfully created all 5 accounts!

[Deploying Fungible Faucet]
=================================================
Faucet account ID: "mdev1ar744u4nxdsycgqfzdrrj2cjay5zm93y"
Symbol: TRY, Decimals: 6, Max Supply: 100000000000000000
=================================================
✅ Faucet deployed successfully!

[Funding Account]
=================================================
Funding account 1/5: "0xb9784b88a2e9d41064b2823626e982"
Funding TX request built.
Transaction 0x4a4662d7b1dd7b88cf26bbdcbc212ea783b3571e7c3eef1e61c0878f16663938 not yet committed. Waiting...
Transaction 0x4a4662d7b1dd7b88cf26bbdcbc212ea783b3571e7c3eef1e61c0878f16663938 not yet committed. Waiting...
Transaction 0x4a4662d7b1dd7b88cf26bbdcbc212ea783b3571e7c3eef1e61c0878f16663938 not yet committed. Waiting...
✅ transaction 0x4a4662d7b1dd7b88cf26bbdcbc212ea783b3571e7c3eef1e61c0878f16663938 committed
Submitted funding transaction: 0x4a4662d7b1dd7b88cf26bbdcbc212ea783b3571e7c3eef1e61c0878f16663938 
Account 1/5: "0xb9784b88a2e9d41064b2823626e982"
=================================================
Funding account 2/5: "0xdda228cd24d5a2106468425641dc34"
Funding TX request built.
Transaction 0x6f7fbe1e2f2b30b84a6a5fe769dbabecbed6abc7f73b42eb456b34d14bd59677 not yet committed. Waiting...
Transaction 0x6f7fbe1e2f2b30b84a6a5fe769dbabecbed6abc7f73b42eb456b34d14bd59677 not yet committed. Waiting...
✅ transaction 0x6f7fbe1e2f2b30b84a6a5fe769dbabecbed6abc7f73b42eb456b34d14bd59677 committed
Submitted funding transaction: 0x6f7fbe1e2f2b30b84a6a5fe769dbabecbed6abc7f73b42eb456b34d14bd59677 
Account 2/5: "0xdda228cd24d5a2106468425641dc34"
=================================================
Funding account 3/5: "0x1c620b10a91905107145230235d1b6"
Funding TX request built.
Transaction 0xbb3867287142430ac5cf807a419ee8807a5281ed4d9c57ac70670df9f4590bb1 not yet committed. Waiting...
Transaction 0xbb3867287142430ac5cf807a419ee8807a5281ed4d9c57ac70670df9f4590bb1 not yet committed. Waiting...
✅ transaction 0xbb3867287142430ac5cf807a419ee8807a5281ed4d9c57ac70670df9f4590bb1 committed
Submitted funding transaction: 0xbb3867287142430ac5cf807a419ee8807a5281ed4d9c57ac70670df9f4590bb1 
Account 3/5: "0x1c620b10a91905107145230235d1b6"
=================================================
Funding account 4/5: "0x8f5b21c5adcf7710261ae6dd91f2cd"
Funding TX request built.
Transaction 0x182dd40385cd621e3cb7b982640cbb998b81c070a6c260fb86c3fcb520dfaf8f not yet committed. Waiting...
Transaction 0x182dd40385cd621e3cb7b982640cbb998b81c070a6c260fb86c3fcb520dfaf8f not yet committed. Waiting...
✅ transaction 0x182dd40385cd621e3cb7b982640cbb998b81c070a6c260fb86c3fcb520dfaf8f committed
Submitted funding transaction: 0x182dd40385cd621e3cb7b982640cbb998b81c070a6c260fb86c3fcb520dfaf8f 
Account 4/5: "0x8f5b21c5adcf7710261ae6dd91f2cd"
=================================================
Funding account 5/5: "0x62dd88360d5c73102152dbe3d26077"
Funding TX request built.
Transaction 0x97673b44b06620d96eb47e498b5b79618035da9bc07daa01cd274c866868d6b3 not yet committed. Waiting...
Transaction 0x97673b44b06620d96eb47e498b5b79618035da9bc07daa01cd274c866868d6b3 not yet committed. Waiting...
✅ transaction 0x97673b44b06620d96eb47e498b5b79618035da9bc07daa01cd274c866868d6b3 committed
Submitted funding transaction: 0x97673b44b06620d96eb47e498b5b79618035da9bc07daa01cd274c866868d6b3 
Account 5/5: "0x62dd88360d5c73102152dbe3d26077"
=================================================

Funding completed.

[Consuming Funding Note For Account 1/5: "0xb9784b88a2e9d41064b2823626e982"]
=================================================
Found 1 consumable note. Consuming it now...
Transaction 0xdc42fc188c26d557d1684c797ce2e551a9a5c7b89656b60c7bd7e5ae9c1ab593 not yet committed. Waiting...
Transaction 0xdc42fc188c26d557d1684c797ce2e551a9a5c7b89656b60c7bd7e5ae9c1ab593 not yet committed. Waiting...
✅ transaction 0xdc42fc188c26d557d1684c797ce2e551a9a5c7b89656b60c7bd7e5ae9c1ab593 committed
✅ Account 1/5 - Note consumed successfully. TX: 0xdc42fc188c26d557d1684c797ce2e551a9a5c7b89656b60c7bd7e5ae9c1ab593

[Consuming Funding Note For Account 2/5: "0xdda228cd24d5a2106468425641dc34"]
=================================================
Found 1 consumable note. Consuming it now...
Transaction 0x7d58f3721433ec6624604eb27c54723b9d47825181e754dce3aedfca0ff0a386 not yet committed. Waiting...
Transaction 0x7d58f3721433ec6624604eb27c54723b9d47825181e754dce3aedfca0ff0a386 not yet committed. Waiting...
✅ transaction 0x7d58f3721433ec6624604eb27c54723b9d47825181e754dce3aedfca0ff0a386 committed
✅ Account 2/5 - Note consumed successfully. TX: 0x7d58f3721433ec6624604eb27c54723b9d47825181e754dce3aedfca0ff0a386

[Consuming Funding Note For Account 3/5: "0x1c620b10a91905107145230235d1b6"]
=================================================
Found 1 consumable note. Consuming it now...
Transaction 0xae95e692b21b2f85ee9ce801bf3bf028fe03d9f6340cd987b72b349eb80657aa not yet committed. Waiting...
Transaction 0xae95e692b21b2f85ee9ce801bf3bf028fe03d9f6340cd987b72b349eb80657aa not yet committed. Waiting...
Transaction 0xae95e692b21b2f85ee9ce801bf3bf028fe03d9f6340cd987b72b349eb80657aa not yet committed. Waiting...
✅ transaction 0xae95e692b21b2f85ee9ce801bf3bf028fe03d9f6340cd987b72b349eb80657aa committed
✅ Account 3/5 - Note consumed successfully. TX: 0xae95e692b21b2f85ee9ce801bf3bf028fe03d9f6340cd987b72b349eb80657aa

[Consuming Funding Note For Account 4/5: "0x8f5b21c5adcf7710261ae6dd91f2cd"]
=================================================
Found 1 consumable note. Consuming it now...
Transaction 0x9a7a053159afda83a8164b8a4ae00f84b08cbac5f286e0477c904d16baf1d147 not yet committed. Waiting...
Transaction 0x9a7a053159afda83a8164b8a4ae00f84b08cbac5f286e0477c904d16baf1d147 not yet committed. Waiting...
✅ transaction 0x9a7a053159afda83a8164b8a4ae00f84b08cbac5f286e0477c904d16baf1d147 committed
✅ Account 4/5 - Note consumed successfully. TX: 0x9a7a053159afda83a8164b8a4ae00f84b08cbac5f286e0477c904d16baf1d147

[Consuming Funding Note For Account 5/5: "0x62dd88360d5c73102152dbe3d26077"]
=================================================
Found 1 consumable note. Consuming it now...
Transaction 0x88a43c7ee00789c3ffe0c8d9747ba7a2625bb0df8dc1e28160661a63340935ab not yet committed. Waiting...
Transaction 0x88a43c7ee00789c3ffe0c8d9747ba7a2625bb0df8dc1e28160661a63340935ab not yet committed. Waiting...
✅ transaction 0x88a43c7ee00789c3ffe0c8d9747ba7a2625bb0df8dc1e28160661a63340935ab committed
✅ Account 5/5 - Note consumed successfully. TX: 0x88a43c7ee00789c3ffe0c8d9747ba7a2625bb0df8dc1e28160661a63340935ab

[Setting prices]
=================================================
Set price note creation started
one or more warnings were emitted
Submitted set price note transaction.
View transaction on MidenScan: https://testnet.midenscan.com/tx/0x67e81ef7a698e639c64ebdeb8087924b9369f06aefba7192d53763bad5f3277e
set prices tx submitted, waiting for onchain commitment
=================================================
Transaction 0x67e81ef7a698e639c64ebdeb8087924b9369f06aefba7192d53763bad5f3277e not yet committed. Waiting...
Transaction 0x67e81ef7a698e639c64ebdeb8087924b9369f06aefba7192d53763bad5f3277e not yet committed. Waiting...
✅ transaction 0x67e81ef7a698e639c64ebdeb8087924b9369f06aefba7192d53763bad5f3277e committed
✅ Notes pricing successfully!

[Sending register notes]
=================================================
Creating register note for account: "0xb9784b88a2e9d41064b2823626e982"
Generated domain string: 00164
Encoded domain: Word([0, 0, 133699476251, 5])
one or more warnings were emitted
Transaction 0x3f90a11709f088730dfdd4a342585222cec770cc2a9a89f8ab1de8d1b5837636 not yet committed. Waiting...
Transaction 0x3f90a11709f088730dfdd4a342585222cec770cc2a9a89f8ab1de8d1b5837636 not yet committed. Waiting...
✅ transaction 0x3f90a11709f088730dfdd4a342585222cec770cc2a9a89f8ab1de8d1b5837636 committed
🔢 storage value: 0x0082e9263682b26410d4e9a2884b78b900000000000000000000000000000000
Creating register note for account: "0xdda228cd24d5a2106468425641dc34"
Generated domain string: 42798
Encoded domain: Word([0, 0, 150930070815, 5])
one or more warnings were emitted
Transaction 0xc89054aee910512830821802de0d6e958b74eec870bbc5538c7ff5dc7f5b1ea1 not yet committed. Waiting...
Transaction 0xc89054aee910512830821802de0d6e958b74eec870bbc5538c7ff5dc7f5b1ea1 not yet committed. Waiting...
✅ transaction 0xc89054aee910512830821802de0d6e958b74eec870bbc5538c7ff5dc7f5b1ea1 committed
🔢 storage value: 0x0034dc415642686410a2d524cd28a2dd00000000000000000000000000000000
Creating register note for account: "0x1c620b10a91905107145230235d1b6"
Generated domain string: 79266
Encoded domain: Word([0, 0, 142289478690, 5])
one or more warnings were emitted
Transaction 0x8a7add3aceb8a3717c86597c02b7b5e7e9fddaa81b10b5af1730c749e9c4fdc6 not yet committed. Waiting...
✅ transaction 0x8a7add3aceb8a3717c86597c02b7b5e7e9fddaa81b10b5af1730c749e9c4fdc6 committed
🔢 storage value: 0x00b6d13502234571100519a9100b621c00000000000000000000000000000000
Creating register note for account: "0x8f5b21c5adcf7710261ae6dd91f2cd"
Generated domain string: 13586
Encoded domain: Word([0, 0, 142323228188, 5])
one or more warnings were emitted
Transaction 0x527af77843a015be023298dc94087ba2ac9a9e0660fda7f5777bf4bc48337fb2 not yet committed. Waiting...
Transaction 0x527af77843a015be023298dc94087ba2ac9a9e0660fda7f5777bf4bc48337fb2 not yet committed. Waiting...
✅ transaction 0x527af77843a015be023298dc94087ba2ac9a9e0660fda7f5777bf4bc48337fb2 committed
🔢 storage value: 0x00cdf291dde61a261077cfadc5215b8f00000000000000000000000000000000
Creating register note for account: "0x62dd88360d5c73102152dbe3d26077"
Generated domain string: 57313
Encoded domain: Word([0, 0, 129320755744, 5])
one or more warnings were emitted
Transaction 0x11a07fd4dfb3dd1ca64f37d4e7ef389a0ee428d6829d7010011c04661a3e544d not yet committed. Waiting...
Transaction 0x11a07fd4dfb3dd1ca64f37d4e7ef389a0ee428d6829d7010011c04661a3e544d not yet committed. Waiting...
Transaction 0x11a07fd4dfb3dd1ca64f37d4e7ef389a0ee428d6829d7010011c04661a3e544d not yet committed. Waiting...
✅ transaction 0x11a07fd4dfb3dd1ca64f37d4e7ef389a0ee428d6829d7010011c04661a3e544d committed
🔢 storage value: 0x007760d2e3db522110735c0d3688dd6200000000000000000000000000000000
Finding notes...

🔍 Attempt 1/50
⏳ No consumable notes found yet...
⏰ Waiting 2 seconds before retry...

🔍 Attempt 2/50
⏳ No consumable notes found yet...
⏰ Waiting 2 seconds before retry...

🔍 Attempt 3/50
⏳ No consumable notes found yet...
⏰ Waiting 2 seconds before retry...

🔍 Attempt 4/50
⏳ No consumable notes found yet...
⏰ Waiting 2 seconds before retry...

🔍 Attempt 5/50
⏳ No consumable notes found yet...
⏰ Waiting 2 seconds before retry...

🔍 Attempt 6/50
⏳ No consumable notes found yet...
⏰ Waiting 2 seconds before retry...

🔍 Attempt 7/50
⏳ No consumable notes found yet...
⏰ Waiting 2 seconds before retry...

🔍 Attempt 8/50
⏳ No consumable notes found yet...
⏰ Waiting 2 seconds before retry...
